{"charlie": "echo", "alfa": "bravo", "foxtrot": {"golf": "hotel"}}
