existing_multiline: 'This multiline string

  already exists and will

  be dumped out by PyYaml.

  '
new_multiline_str: 'This should not

  be a list

  '
test_category1: a
test_category2: b
