[global]
test1 = 1
# This is a post option comment
test2 = 2

[section1]
setting1 = 1
setting2 = 2

[section2]
setting3 =
