[multistropts]
test = test1
test = test2
test = test3

[testsection]
test = output

[remote_src_section]
test = output
