list_one:
  - four
  - 4
list_two:
  - one
  - two
