list_one:
  - one
  - two
  - three
  - four
  - 4
list_two:
  - one
  - two
